0 verbose cli D:\Program Files\nodejs\node.exe C:\Users\Administrator\AppData\Roaming\npm\node_modules\npm\bin\npm-cli.js
1 info using npm@9.1.1
2 info using node@v22.15.0
3 timing npm:load:whichnode Completed in 0ms
4 timing config:load:defaults Completed in 2ms
5 timing config:load:file:C:\Users\Administrator\AppData\Roaming\npm\node_modules\npm\npmrc Completed in 8ms
6 timing config:load:builtin Completed in 8ms
7 timing config:load:cli Completed in 3ms
8 timing config:load:env Completed in 2ms
9 timing config:load:file:E:\opensource\insurance-crm\.npmrc Completed in 0ms
10 timing config:load:project Completed in 8ms
11 timing config:load:file:C:\Users\Administrator\.npmrc Completed in 0ms
12 timing config:load:user Completed in 0ms
13 timing config:load:file:C:\Users\Administrator\AppData\Roaming\npm\etc\npmrc Completed in 0ms
14 timing config:load:global Completed in 1ms
15 timing config:load:setEnvs Completed in 2ms
16 timing config:load Completed in 27ms
17 timing npm:load:configload Completed in 27ms
18 timing npm:load:mkdirpcache Completed in 0ms
19 timing npm:load:mkdirplogs Completed in 1ms
20 verbose title npm explain react-native-unimodules
21 verbose argv "explain" "react-native-unimodules" "--json"
22 timing npm:load:setTitle Completed in 1ms
23 timing config:load:flatten Completed in 4ms
24 timing npm:load:display Completed in 5ms
25 verbose logfile logs-max:10 dir:E:\opensource\insurance-crm\.npm-cache\_logs\2026-05-14T15_13_49_047Z-
26 verbose logfile E:\opensource\insurance-crm\.npm-cache\_logs\2026-05-14T15_13_49_047Z-debug-0.log
27 timing npm:load:logFile Completed in 7ms
28 timing npm:load:timers Completed in 1ms
29 timing npm:load:configScope Completed in 0ms
30 timing npm:load Completed in 44ms
31 silly logfile done cleaning log files
0 verbose cli D:\Program Files\nodejs\node.exe C:\Users\Administrator\AppData\Roaming\npm\node_modules\npm\bin\npm-cli.js
1 info using npm@9.1.1
2 info using node@v22.15.0
3 timing npm:load:whichnode Completed in 1ms
4 timing config:load:defaults Completed in 2ms
5 timing config:load:file:C:\Users\Administrator\AppData\Roaming\npm\node_modules\npm\npmrc Completed in 12ms
6 timing config:load:builtin Completed in 13ms
7 timing config:load:cli Completed in 3ms
8 timing config:load:env Completed in 2ms
9 timing config:load:file:E:\opensource\insurance-crm\.npmrc Completed in 1ms
10 timing config:load:project Completed in 3ms
11 timing config:load:file:C:\Users\Administrator\.npmrc Completed in 1ms
12 timing config:load:user Completed in 1ms
13 timing config:load:file:C:\Users\Administrator\AppData\Roaming\npm\etc\npmrc Completed in 1ms
14 timing config:load:global Completed in 1ms
15 timing config:load:setEnvs Completed in 1ms
16 timing config:load Completed in 26ms
17 timing npm:load:configload Completed in 26ms
18 timing npm:load:mkdirpcache Completed in 1ms
19 timing npm:load:mkdirplogs Completed in 0ms
20 verbose title npm explain @unimodules/react-native-adapter
21 verbose argv "explain" "@unimodules/react-native-adapter" "--json"
22 timing npm:load:setTitle Completed in 3ms
23 timing config:load:flatten Completed in 4ms
24 timing npm:load:display Completed in 15ms
25 verbose logfile logs-max:10 dir:E:\opensource\insurance-crm\.npm-cache\_logs\2026-05-14T15_13_49_047Z-
26 verbose logfile E:\opensource\insurance-crm\.npm-cache\_logs\2026-05-14T15_13_49_047Z-debug-0.log
27 timing npm:load:logFile Completed in 8ms
28 timing npm:load:timers Completed in 2ms
29 timing npm:load:configScope Completed in 1ms
30 timing npm:load Completed in 59ms
32 timing config:load:flatten Completed in 1ms
31 silly logfile done cleaning log files
33 timing arborist:ctor Completed in 3ms
32 timing config:load:flatten Completed in 1ms
33 timing arborist:ctor Completed in 3ms
34 timing arborist:ctor Completed in 0ms
34 timing arborist:ctor Completed in 0ms
35 timing command:explain Completed in 1644ms
36 verbose stack Error: No dependencies found matching react-native-unimodules
36 verbose stack     at Explain.exec (C:\Users\Administrator\AppData\Roaming\npm\node_modules\npm\lib\commands\explain.js:57:13)
36 verbose stack     at async module.exports (C:\Users\Administrator\AppData\Roaming\npm\node_modules\npm\lib\cli.js:133:5)
37 verbose cwd E:\opensource\insurance-crm
38 verbose Windows_NT 10.0.19045
39 verbose node v22.15.0
40 verbose npm  v9.1.1
41 error No dependencies found matching react-native-unimodules
42 verbose exit 1
43 timing npm Completed in 1722ms
44 verbose code 1
45 error A complete log of this run can be found in:
45 error     E:\opensource\insurance-crm\.npm-cache\_logs\2026-05-14T15_13_49_047Z-debug-0.log
35 timing command:explain Completed in 1660ms
36 verbose stack Error: No dependencies found matching @unimodules/react-native-adapter
36 verbose stack     at Explain.exec (C:\Users\Administrator\AppData\Roaming\npm\node_modules\npm\lib\commands\explain.js:57:13)
36 verbose stack     at async module.exports (C:\Users\Administrator\AppData\Roaming\npm\node_modules\npm\lib\cli.js:133:5)
37 verbose cwd E:\opensource\insurance-crm
38 verbose Windows_NT 10.0.19045
39 verbose node v22.15.0
40 verbose npm  v9.1.1
41 error No dependencies found matching @unimodules/react-native-adapter
42 verbose exit 1
43 timing npm Completed in 1765ms
44 verbose code 1
45 error A complete log of this run can be found in:
45 error     E:\opensource\insurance-crm\.npm-cache\_logs\2026-05-14T15_13_49_047Z-debug-0.log
