0 verbose cli D:\Program Files\nodejs\node.exe C:\Users\Administrator\AppData\Roaming\npm\node_modules\npm\bin\npm-cli.js
1 info using npm@9.1.1
2 info using node@v22.15.0
3 timing npm:load:whichnode Completed in 0ms
4 timing config:load:defaults Completed in 1ms
5 timing config:load:file:C:\Users\Administrator\AppData\Roaming\npm\node_modules\npm\npmrc Completed in 3ms
6 timing config:load:builtin Completed in 3ms
7 timing config:load:cli Completed in 2ms
8 timing config:load:env Completed in 1ms
9 timing config:load:file:E:\opensource\insurance-crm\.npmrc Completed in 1ms
10 timing config:load:project Completed in 4ms
11 timing config:load:file:C:\Users\Administrator\.npmrc Completed in 1ms
12 timing config:load:user Completed in 1ms
13 timing config:load:file:C:\Users\Administrator\AppData\Roaming\npm\etc\npmrc Completed in 0ms
14 timing config:load:global Completed in 0ms
15 timing config:load:setEnvs Completed in 0ms
16 timing config:load Completed in 13ms
17 timing npm:load:configload Completed in 13ms
18 timing npm:load:mkdirpcache Completed in 1ms
19 timing npm:load:mkdirplogs Completed in 1ms
20 verbose title npm exec expo-doctor
21 verbose argv "exec" "--" "expo-doctor"
22 timing npm:load:setTitle Completed in 1ms
23 timing config:load:flatten Completed in 2ms
24 timing npm:load:display Completed in 3ms
25 verbose logfile logs-max:10 dir:E:\opensource\insurance-crm\.npm-cache\_logs\2026-05-14T15_13_42_784Z-
26 verbose logfile E:\opensource\insurance-crm\.npm-cache\_logs\2026-05-14T15_13_42_784Z-debug-0.log
27 timing npm:load:logFile Completed in 7ms
28 timing npm:load:timers Completed in 0ms
29 timing npm:load:configScope Completed in 0ms
30 timing npm:load Completed in 28ms
31 silly logfile done cleaning log files
32 timing config:load:flatten Completed in 0ms
33 timing arborist:ctor Completed in 0ms
34 timing arborist:ctor Completed in 0ms
35 http fetch GET 200 https://registry.npmjs.org/expo-doctor 1022ms (cache miss)
36 timing arborist:ctor Completed in 0ms
37 timing arborist:ctor Completed in 0ms
38 warn exec The following package was not found and will be installed: expo-doctor@1.18.22
39 timing arborist:ctor Completed in 0ms
40 timing idealTree:init Completed in 4ms
41 timing idealTree:userRequests Completed in 0ms
42 silly idealTree buildDeps
43 silly fetch manifest expo-doctor@1.18.22
44 http fetch GET 200 https://registry.npmjs.org/expo-doctor 14ms (cache hit)
45 silly placeDep ROOT expo-doctor@1.18.22 OK for:  want: 1.18.22
46 timing idealTree:#root Completed in 19ms
47 timing idealTree:node_modules/expo-doctor Completed in 0ms
48 timing idealTree:buildDeps Completed in 21ms
49 timing idealTree:fixDepFlags Completed in 0ms
50 timing idealTree Completed in 27ms
51 timing reify:loadTrees Completed in 27ms
52 timing reify:diffTrees Completed in 1ms
53 silly reify moves {}
54 timing reify:retireShallow Completed in 0ms
55 timing reify:createSparse Completed in 2ms
56 timing reify:loadBundles Completed in 0ms
57 silly audit bulk request { 'expo-doctor': [ '1.18.22' ] }
58 silly tarball no local data for expo-doctor@https://registry.npmjs.org/expo-doctor/-/expo-doctor-1.18.22.tgz. Extracting by manifest.
59 http fetch POST 200 https://registry.npmjs.org/-/npm/v1/security/advisories/bulk 222ms
60 timing auditReport:getReport Completed in 222ms
61 silly audit report {}
62 timing auditReport:init Completed in 0ms
63 timing reify:audit Completed in 223ms
64 http fetch GET 200 https://registry.npmjs.org/expo-doctor/-/expo-doctor-1.18.22.tgz 1143ms (cache miss)
65 timing reifyNode:node_modules/expo-doctor Completed in 1149ms
66 timing reify:unpack Completed in 1149ms
67 timing reify:unretire Completed in 0ms
68 timing build:queue Completed in 1ms
69 timing build:link:node_modules/expo-doctor Completed in 12ms
70 timing build:link Completed in 12ms
71 timing build:deps Completed in 13ms
72 timing build Completed in 13ms
73 timing reify:build Completed in 13ms
74 timing reify:trash Completed in 0ms
75 timing reify:save Completed in 3ms
76 timing reify Completed in 1202ms
77 timing command:exec Completed in 9344ms
78 verbose exit 1
79 timing npm Completed in 9391ms
80 verbose code 1
